<html>
<body>
<pre>
<h1>µVision Build Log</h1>
<h2>Tool Versions:</h2>
IDE-Version: ¦ÌVision V5.36.0.0
Copyright (C) 2021 ARM Ltd and ARM Germany GmbH. All rights reserved.
License Information: leo leoshanghaichina@outlook.com, leo, LIC=SDA0P-M43G9-639MB-27WNL-CDLA4-W8KS4
 
Tool Versions:
Toolchain:       MDK-ARM Plus  Version: 5.36.0.0
Toolchain Path:  C:\Keil_v5\ARM\ARMCLANG\Bin
C Compiler:      ArmClang.exe V6.16
Assembler:       Armasm.exe V6.16
Linker/Locator:  ArmLink.exe V6.16
Library Manager: ArmAr.exe V6.16
Hex Converter:   FromElf.exe V6.16
CPU DLL:         SARMCM3.DLL V5.36.0.0
Dialog DLL:      DCM.DLL V1.17.3.0
Target DLL:      Segger\JL2CM3.dll V2.99.40.0
Dialog DLL:      TCM.DLL V1.53.0.0
 
<h2>Project:</h2>
D:\myResource\work\c\peripherals_case\peripherals_case\peripherals_case.uvprojx
Project File Date:  05/19/2023

<h2>Output:</h2>
*** Using Compiler 'V6.16', folder: 'C:\Keil_v5\ARM\ARMCLANG\Bin'
Rebuild target 'Target 1'
assembling startup_ing91600.s...
compiling eflash.c...
compiling peripheral_i2c.c...
compiling peripheral_gpio.c...
compiling iic.c...
compiling main.c...
compiling peripheral_adc.c...
compiling peripheral_pinctrl.c...
compiling peripheral_rtc.c...
compiling peripheral_ssp.c...
compiling peripheral_pwm.c...
compiling peripheral_timer.c...
compiling peripheral_uart.c...
compiling peripheral_sysctrl.c...
compiling peripheral_comparator.c...
compiling peripheral_efuse.c...
compiling peripheral_dma.c...
compiling peripheral_i2s.c...
compiling peripheral_keyscan.c...
compiling peripheral_ir.c...
compiling peripheral_pdm.c...
compiling peripheral_pte.c...
compiling peripheral_qdec.c...
compiling peripheral_usb.c...
linking...
Program Size: Code=5898 RO-data=902 RW-data=0 ZI-data=10012  
FromELF: creating hex file...
After Build - User command #1: fromelf.exe --bin -o peripherals_case.bin ./output/peripherals_case.axf
".\output\peripherals_case.axf" - 0 Error(s), 0 Warning(s).

<h2>Software Packages used:</h2>

Package Vendor: ARM
                http://www.keil.com/pack/ARM.CMSIS.5.8.0.pack
                ARM.CMSIS.5.8.0
                CMSIS (Common Microcontroller Software Interface Standard)
   * Component: CORE Version: 5.5.0

Package Vendor: INGChips
                http://www.ingchips.com/INGChips.INGCHIPS_DeviceFamilyPack.0.9.0.pack
                INGChips.INGCHIPS_DeviceFamilyPack.0.9.0
                INGChips ARM devices Device Family Pack with BSD license.

<h2>Collection of Component include folders:</h2>
  .\RTE\_Target_1
  C:\Users\leosh\AppData\Local\Arm\Packs\ARM\CMSIS\5.8.0\CMSIS\Core\Include

<h2>Collection of Component Files used:</h2>

   * Component: ARM::CMSIS:CORE:5.5.0
Build Time Elapsed:  00:00:03
</pre>
</body>
</html>
